// Jest Snapshot v1, https://goo.gl/fbAQLP

exports[`ResetOffsets on initial render matches the snapshot 1`] = `
<body>
  <div>
    <div
      class="NzFxt"
    >
      <h1>
        Reset offsets
      </h1>
      <div />
    </div>
    <div
      class="hiwAsE"
    >
      <form>
        <div
          class="jOFwJk"
        >
          <div>
            <label
              class="gWUTpy"
              for="topic"
            >
              Topic
            </label>
            <div
              class="select-wrapper jXyqPy"
            >
              <select
                class="kTZcVy"
                id="topic"
                name="topic"
              >
                <option
                  value="__amazon_msk_canary"
                >
                  __amazon_msk_canary
                </option>
                <option
                  value="other_topic"
                >
                  other_topic
                </option>
              </select>
            </div>
          </div>
          <div>
            <label
              class="gWUTpy"
              for="resetType"
            >
              Reset Type
            </label>
            <div
              class="select-wrapper jXyqPy"
            >
              <select
                class="kTZcVy"
                id="resetType"
                name="resetType"
              >
                <option
                  value="EARLIEST"
                >
                  EARLIEST
                </option>
                <option
                  value="LATEST"
                >
                  LATEST
                </option>
                <option
                  value="TIMESTAMP"
                >
                  TIMESTAMP
                </option>
                <option
                  value="OFFSET"
                >
                  OFFSET
                </option>
              </select>
            </div>
          </div>
          <div>
            <label
              class="gWUTpy"
            >
              Partitions
            </label>
            <div
              class="rmsc multi-select"
            >
              <div
                aria-labelledby="Select partitions"
                aria-readonly="true"
                class="dropdown-container"
                tabindex="0"
              >
                <div
                  class="dropdown-heading"
                >
                  <div
                    class="dropdown-heading-value"
                  >
                    <span
                      class="gray"
                    >
                      Select...
                    </span>
                  </div>
                  <svg
                    class="dropdown-heading-dropdown-arrow gray"
                    fill="none"
                    height="24"
                    stroke="currentColor"
                    stroke-width="2"
                    width="24"
                  >
                    <path
                      d="M6 9L12 15 18 9"
                    />
                  </svg>
                </div>
              </div>
            </div>
          </div>
        </div>
        <button
          class="cmcyoH"
          disabled=""
          type="submit"
        >
          Submit
        </button>
      </form>
    </div>
  </div>
</body>
`;
