// Jest Snapshot v1, https://goo.gl/fbAQLP

exports[`Alert matches snapshot 1`] = `
.c1 {
  height: 16px !important;
  display: inline-block;
}

.c1:hover {
  cursor: pointer;
}

.c0 {
  background-color: #FAD1D1;
  width: 400px;
  height: 64px;
  border-radius: 8px;
  padding: 12px;
  display: -webkit-box;
  display: -webkit-flex;
  display: -ms-flexbox;
  display: flex;
  -webkit-box-pack: justify;
  -webkit-justify-content: space-between;
  -ms-flex-pack: justify;
  justify-content: space-between;
  -webkit-align-items: center;
  -webkit-box-align: center;
  -ms-flex-align: center;
  align-items: center;
  -webkit-filter: drop-shadow(0px 4px 16px rgba(0,0,0,0.1));
  filter: drop-shadow(0px 4px 16px rgba(0,0,0,0.1));
  margin-top: 10px;
}

.c0 .alert-title {
  font-weight: 500;
  font-size: 14px;
}

.c0 .alert-message {
  font-weight: normal;
  font-size: 14px;
}

<Alert
  createdAt={1234567}
  id="test-id"
  message="My Alert Message"
  title="My Alert Title"
  type="error"
>
  <styled.div
    type="error"
  >
    <div
      className="c0"
      type="error"
    >
      <div>
        <div
          className="alert-title"
        >
          My Alert Title
        </div>
        <p
          className="alert-message"
        >
          My Alert Message
        </p>
      </div>
      <styled.span
        aria-hidden={true}
        onClick={[Function]}
      >
        <span
          aria-hidden={true}
          className="c1"
          onClick={[Function]}
        >
          <CloseIcon>
            <svg
              fill="none"
              height="16"
              viewBox="0 0 16 16"
              width="16"
              xmlns="http://www.w3.org/2000/svg"
            >
              <path
                clipRule="evenodd"
                d="M8 16C12.4183 16 16 12.4183 16 8C16 3.58172 12.4183 0 8 0C3.58172 0 0 3.58172 0 8C0 12.4183 3.58172 16 8 16ZM11.707 4.29289C12.0976 4.68342 12.0976 5.31658 11.707 5.70711L9.41415 8L11.707 10.2929C12.0976 10.6834 12.0976 11.3166 11.707 11.7071C11.3165 12.0976 10.6834 12.0976 10.2928 11.7071L7.99994 9.41421L5.70711 11.707C5.31658 12.0976 4.68342 12.0976 4.29289 11.707C3.90237 11.3165 3.90237 10.6834 4.29289 10.2928L6.58573 8L4.29289 5.70717C3.90237 5.31664 3.90237 4.68348 4.29289 4.29295C4.68342 3.90243 5.31658 3.90243 5.70711 4.29295L7.99994 6.58579L10.2928 4.29289C10.6834 3.90237 11.3165 3.90237 11.707 4.29289Z"
                fill="#ABB5BA"
                fillRule="evenodd"
              />
            </svg>
          </CloseIcon>
        </span>
      </styled.span>
    </div>
  </styled.div>
</Alert>
`;
