// Jest Snapshot v1, https://goo.gl/fbAQLP

exports[`Overview view matches snapshot 1`] = `
.c3 {
  border: none;
  border-radius: 16px;
  height: 20px;
  line-height: 20px;
  background-color: #FFEECC;
  color: #171A1C;
  font-size: 12px;
  display: inline-block;
  padding-left: 0.75em;
  padding-right: 0.75em;
  text-align: center;
}

.c0 {
  padding: 1.5rem 1rem;
  background: #F1F2F3;
  display: -webkit-box;
  display: -webkit-flex;
  display: -ms-flexbox;
  display: flex;
  grid-gap: 1rem;
  gap: 1rem;
  margin-bottom: 0.5rem !important;
  display: -webkit-box !important;
  display: -webkit-flex !important;
  display: -ms-flexbox !important;
  display: flex !important;
}

.c1 {
  overflow-y: scroll;
}

.c1 .indicatorsWrapper {
  display: -webkit-box;
  display: -webkit-flex;
  display: -ms-flexbox;
  display: flex;
  gap: 2px;
}

.c1 .indicatorsWrapper > *:first-child {
  border-top-left-radius: 8px;
  border-bottom-left-radius: 8px;
}

.c1 .indicatorsWrapper > *:last-child {
  border-top-right-radius: 8px;
  border-bottom-right-radius: 8px;
  margin-right: 3px;
}

.c2 {
  background-color: white;
  height: 68px;
  width: -webkit-fit-content;
  width: -moz-fit-content;
  width: fit-content;
  min-width: 150px;
  display: -webkit-box;
  display: -webkit-flex;
  display: -ms-flexbox;
  display: flex;
  -webkit-flex-direction: column;
  -ms-flex-direction: column;
  flex-direction: column;
  -webkit-box-pack: center;
  -webkit-justify-content: center;
  -ms-flex-pack: center;
  justify-content: center;
  -webkit-align-items: flex-start;
  -webkit-box-align: flex-start;
  -ms-flex-align: flex-start;
  align-items: flex-start;
  padding: 12px 16px;
  -webkit-box-flex: 1;
  -webkit-flex-grow: 1;
  -ms-flex-positive: 1;
  flex-grow: 1;
  box-shadow: 3px 3px 3px rgba(0,0,0,0.08);
  margin: 0 0 3px 0;
}

.c2 .indicator-label {
  font-weight: 500;
  font-size: 12px;
  color: #73848C;
  display: -webkit-box;
  display: -webkit-flex;
  display: -ms-flexbox;
  display: flex;
  -webkit-align-items: center;
  -webkit-box-align: center;
  -ms-flex-align: center;
  align-items: center;
  gap: 10px;
}

<div
  className="c0"
>
  <div
    className="c1"
  >
    <div
      className="indicatorsWrapper"
    >
      <div
        className="c2"
      >
        <div>
          <div
            className="indicator-label"
          >
            Worker
             
          </div>
          <span>
            kafka-connect0:8083
          </span>
        </div>
      </div>
      <div
        className="c2"
      >
        <div>
          <div
            className="indicator-label"
          >
            Type
             
          </div>
          <span>
            SOURCE
          </span>
        </div>
      </div>
      <div
        className="c2"
      >
        <div>
          <div
            className="indicator-label"
          >
            Class
             
          </div>
          <span>
            FileStreamSource
          </span>
        </div>
      </div>
      <div
        className="c2"
      >
        <div>
          <div
            className="indicator-label"
          >
            State
             
          </div>
          <span>
            <p
              className="c3"
            >
              RUNNING
            </p>
          </span>
        </div>
      </div>
      <div
        className="c2"
      >
        <div>
          <div
            className="indicator-label"
          >
            Tasks running
             
          </div>
          <span>
            10
          </span>
        </div>
      </div>
      <div
        className="c2"
      >
        <div>
          <div
            className="indicator-label"
          >
            Tasks failed
             
            <svg
              fill="none"
              height="4"
              viewBox="0 0 4 4"
              width="4"
              xmlns="http://www.w3.org/2000/svg"
            >
              <circle
                cx="2"
                cy="2"
                fill="#E61A1A"
                r="2"
              />
            </svg>
          </div>
          <span>
            2
          </span>
        </div>
      </div>
    </div>
  </div>
</div>
`;
