// Jest Snapshot v1, https://goo.gl/fbAQLP

exports[`Indicator matches the snapshot 1`] = `
.c0 {
  background-color: white;
  height: 68px;
  width: -webkit-fit-content;
  width: -moz-fit-content;
  width: fit-content;
  min-width: 150px;
  display: -webkit-box;
  display: -webkit-flex;
  display: -ms-flexbox;
  display: flex;
  -webkit-flex-direction: column;
  -ms-flex-direction: column;
  flex-direction: column;
  -webkit-box-pack: center;
  -webkit-justify-content: center;
  -ms-flex-pack: center;
  justify-content: center;
  -webkit-align-items: flex-start;
  -webkit-box-align: flex-start;
  -ms-flex-align: flex-start;
  align-items: flex-start;
  padding: 12px 16px;
  -webkit-box-flex: 1;
  -webkit-flex-grow: 1;
  -ms-flex-positive: 1;
  flex-grow: 1;
  box-shadow: 3px 3px 3px rgba(0,0,0,0.08);
  margin: 0 0 3px 0;
}

.c0 .indicator-label {
  font-weight: 500;
  font-size: 12px;
  color: #73848C;
  display: -webkit-box;
  display: -webkit-flex;
  display: -ms-flexbox;
  display: flex;
  -webkit-align-items: center;
  -webkit-box-align: center;
  -ms-flex-align: center;
  align-items: center;
  gap: 10px;
}

<Indicator
  label="label"
  title="title"
>
  <styled.div>
    <div
      className="c0"
    >
      <div
        title="title"
      >
        <div
          className="indicator-label"
        >
          label
           
        </div>
        <span>
          Child
        </span>
      </div>
    </div>
  </styled.div>
</Indicator>
`;
